// Jest Snapshot v1, https://jestjs.io/docs/snapshot-testing

exports[`Navbar Component renders correctly and matches snapshot 1`] = `
<div>
  <nav
    class="fixed top-0 left-0 w-full z-50 transition-all duration-300 backdrop-blur-xl border-b
          bg-[rgba(255,255,255,0.96)] border-[rgba(0,0,0,0.08)]
          py-4 shadow-none
        "
    id="main-navbar"
  >
    <div
      class="container mx-auto px-4 lg:px-8 flex items-center justify-between"
    >
      <a
        class="flex items-center shrink-0"
        href="/"
      >
        <img
          alt="Yearbook Logo"
          class="h-[32px] w-auto transition-all duration-300 "
          src="/logo.svg"
        />
      </a>
      <div
        class="hidden lg:flex items-center justify-center space-x-8"
      >
        <a
          class="relative group text-[13px] font-medium transition-colors duration-300
                  text-gray-500 hover:text-dark
                "
          href="#home"
        >
          Home
          <span
            class="absolute left-0 bottom-[-4px] h-[2px] w-0 bg-primary transition-all duration-300 group-hover:w-full"
          />
        </a>
        <a
          class="relative group text-[13px] font-medium transition-colors duration-300
                  text-gray-500 hover:text-dark
                "
          href="#services"
        >
          Services
          <span
            class="absolute left-0 bottom-[-4px] h-[2px] w-0 bg-primary transition-all duration-300 group-hover:w-full"
          />
        </a>
        <a
          class="relative group text-[13px] font-medium transition-colors duration-300
                  text-gray-500 hover:text-dark
                "
          href="#photo"
        >
          Photo
          <span
            class="absolute left-0 bottom-[-4px] h-[2px] w-0 bg-primary transition-all duration-300 group-hover:w-full"
          />
        </a>
        <a
          class="relative group text-[13px] font-medium transition-colors duration-300
                  text-gray-500 hover:text-dark
                "
          href="#workflow"
        >
          Workflow
          <span
            class="absolute left-0 bottom-[-4px] h-[2px] w-0 bg-primary transition-all duration-300 group-hover:w-full"
          />
        </a>
        <a
          class="relative group text-[13px] font-medium transition-colors duration-300
                  text-gray-500 hover:text-dark
                "
          href="#team"
        >
          Team
          <span
            class="absolute left-0 bottom-[-4px] h-[2px] w-0 bg-primary transition-all duration-300 group-hover:w-full"
          />
        </a>
        <a
          class="relative group text-[13px] font-medium transition-colors duration-300
                  text-gray-500 hover:text-dark
                "
          href="#reviews"
        >
          Reviews
          <span
            class="absolute left-0 bottom-[-4px] h-[2px] w-0 bg-primary transition-all duration-300 group-hover:w-full"
          />
        </a>
        <a
          class="relative group text-[13px] font-medium transition-colors duration-300
                  text-gray-500 hover:text-dark
                "
          href="#news"
        >
          News
          <span
            class="absolute left-0 bottom-[-4px] h-[2px] w-0 bg-primary transition-all duration-300 group-hover:w-full"
          />
        </a>
      </div>
      <div
        class="flex items-center space-x-4"
      >
        <button
          class="
              px-6 py-2.5 rounded-full text-[12px] font-semibold tracking-wide transition-all duration-300
              bg-dark text-white hover:bg-primary
              hover:-translate-y-[2px] hover:shadow-[0_4px_14px_0_rgba(230,0,92,0.39)]
            "
        >
          START PROJECT
        </button>
        <button
          aria-label="Open menu"
          class="flex flex-col justify-center items-center w-[42px] h-[42px] rounded-lg border transition-colors duration-300
                border-gray-200
              "
        >
          <span
            class="block w-[18px] h-[2px] mb-[4px] rounded-full transition-colors bg-dark"
          />
          <span
            class="block w-[18px] h-[2px] mb-[4px] rounded-full transition-colors bg-dark"
          />
          <span
            class="block w-[18px] h-[2px] rounded-full transition-colors bg-dark"
          />
        </button>
      </div>
    </div>
  </nav>
</div>
`;
