// Jest Snapshot v1, https://jestjs.io/docs/snapshot-testing

exports[`ProcessWorkflow Component renders correctly and matches snapshot 1`] = `
<div>
  <section
    class="bg-[#f8f8f8] py-[110px] px-[50px]"
  >
    <div
      class="max-w-[1400px] mx-auto"
    >
      <div
        class="flex flex-col lg:flex-row justify-between items-start lg:items-center mb-[60px] gap-6 lg:gap-0"
      >
        <h2
          class="font-display text-[52px] leading-tight text-dark"
        >
          <em
            class="italic"
          >
            Process
          </em>
           Workflow
        </h2>
        <div
          class="max-w-[420px] flex flex-col gap-5 items-start lg:items-end text-left lg:text-right"
        >
          <p
            class="text-[14px] text-gray-500 leading-[1.85]"
          >
            Workflow kami jelas dan transparan. Semua progress bisa dipantau sekolah secara real time. Proses mudah, hasil maksimal.
          </p>
          <button
            class="border-2 border-dark rounded-full py-3 px-6 text-[12px] font-bold uppercase transition-colors duration-300 hover:bg-dark hover:text-white"
          >
            START PROJECT →
          </button>
        </div>
      </div>
      <div
        class="grid grid-cols-1 md:grid-cols-2 lg:grid-cols-4 gap-[24px]"
      >
        <div
          class="group relative overflow-hidden bg-white rounded-[20px] pt-[32px] px-[26px] pb-[32px] shadow-sm hover:shadow-md transition-shadow duration-300"
          data-initial="{"opacity":0,"y":30}"
          data-transition="{"duration":0.5,"delay":0}"
          data-whileinview="{"opacity":1,"y":0}"
          viewport="[object Object]"
        >
          <div
            class="w-[52px] h-[52px] rounded-full bg-primary flex items-center justify-center mb-[22px]"
          >
            <svg
              aria-hidden="true"
              class="lucide lucide-handshake w-[20px] h-[20px] text-white"
              fill="none"
              height="24"
              stroke="currentColor"
              stroke-linecap="round"
              stroke-linejoin="round"
              stroke-width="2"
              viewBox="0 0 24 24"
              width="24"
              xmlns="http://www.w3.org/2000/svg"
            >
              <path
                d="m11 17 2 2a1 1 0 1 0 3-3"
              />
              <path
                d="m14 14 2.5 2.5a1 1 0 1 0 3-3l-3.88-3.88a3 3 0 0 0-4.24 0l-.88.88a1 1 0 1 1-3-3l2.81-2.81a5.79 5.79 0 0 1 7.06-.87l.47.28a2 2 0 0 0 1.42.25L21 4"
              />
              <path
                d="m21 3 1 11h-2"
              />
              <path
                d="M3 3 2 14l6.5 6.5a1 1 0 1 0 3-3"
              />
              <path
                d="M3 4h8"
              />
            </svg>
          </div>
          <h4
            class="text-[15px] font-bold mb-[10px] text-dark"
          >
            Konsultasi & Kontrak
          </h4>
          <p
            class="text-[13px] text-gray-500 leading-[1.7] relative z-10"
          >
            Diskusi kebutuhan sekolah, penyesuaian paket, dan penandatanganan kontrak kerjasama.
          </p>
          <div
            class="absolute bottom-[14px] right-[20px] text-[56px] font-[900] text-[rgba(0,0,0,0.03)] group-hover:text-[rgba(230,0,92,0.08)] group-hover:scale-110 transition-all duration-[400ms] select-none z-0"
          >
            01
          </div>
        </div>
        <div
          class="group relative overflow-hidden bg-white rounded-[20px] pt-[32px] px-[26px] pb-[32px] shadow-sm hover:shadow-md transition-shadow duration-300"
          data-initial="{"opacity":0,"y":30}"
          data-transition="{"duration":0.5,"delay":0.12}"
          data-whileinview="{"opacity":1,"y":0}"
          viewport="[object Object]"
        >
          <div
            class="w-[52px] h-[52px] rounded-full bg-primary flex items-center justify-center mb-[22px]"
          >
            <svg
              aria-hidden="true"
              class="lucide lucide-palette w-[20px] h-[20px] text-white"
              fill="none"
              height="24"
              stroke="currentColor"
              stroke-linecap="round"
              stroke-linejoin="round"
              stroke-width="2"
              viewBox="0 0 24 24"
              width="24"
              xmlns="http://www.w3.org/2000/svg"
            >
              <path
                d="M12 22a1 1 0 0 1 0-20 10 9 0 0 1 10 9 5 5 0 0 1-5 5h-2.25a1.75 1.75 0 0 0-1.4 2.8l.3.4a1.75 1.75 0 0 1-1.4 2.8z"
              />
              <circle
                cx="13.5"
                cy="6.5"
                fill="currentColor"
                r=".5"
              />
              <circle
                cx="17.5"
                cy="10.5"
                fill="currentColor"
                r=".5"
              />
              <circle
                cx="6.5"
                cy="12.5"
                fill="currentColor"
                r=".5"
              />
              <circle
                cx="8.5"
                cy="7.5"
                fill="currentColor"
                r=".5"
              />
            </svg>
          </div>
          <h4
            class="text-[15px] font-bold mb-[10px] text-dark"
          >
            Konsep & Desain
          </h4>
          <p
            class="text-[13px] text-gray-500 leading-[1.7] relative z-10"
          >
            Tim kreatif merancang konsep buku tahunan, tema foto, dan layout desain sesuai identitas sekolah.
          </p>
          <div
            class="absolute bottom-[14px] right-[20px] text-[56px] font-[900] text-[rgba(0,0,0,0.03)] group-hover:text-[rgba(230,0,92,0.08)] group-hover:scale-110 transition-all duration-[400ms] select-none z-0"
          >
            02
          </div>
        </div>
        <div
          class="group relative overflow-hidden bg-white rounded-[20px] pt-[32px] px-[26px] pb-[32px] shadow-sm hover:shadow-md transition-shadow duration-300"
          data-initial="{"opacity":0,"y":30}"
          data-transition="{"duration":0.5,"delay":0.24}"
          data-whileinview="{"opacity":1,"y":0}"
          viewport="[object Object]"
        >
          <div
            class="w-[52px] h-[52px] rounded-full bg-primary flex items-center justify-center mb-[22px]"
          >
            <svg
              aria-hidden="true"
              class="lucide lucide-camera w-[20px] h-[20px] text-white"
              fill="none"
              height="24"
              stroke="currentColor"
              stroke-linecap="round"
              stroke-linejoin="round"
              stroke-width="2"
              viewBox="0 0 24 24"
              width="24"
              xmlns="http://www.w3.org/2000/svg"
            >
              <path
                d="M13.997 4a2 2 0 0 1 1.76 1.05l.486.9A2 2 0 0 0 18.003 7H20a2 2 0 0 1 2 2v9a2 2 0 0 1-2 2H4a2 2 0 0 1-2-2V9a2 2 0 0 1 2-2h1.997a2 2 0 0 0 1.759-1.048l.489-.904A2 2 0 0 1 10.004 4z"
              />
              <circle
                cx="12"
                cy="13"
                r="3"
              />
            </svg>
          </div>
          <h4
            class="text-[15px] font-bold mb-[10px] text-dark"
          >
            Sesi Foto, Video & Event
          </h4>
          <p
            class="text-[13px] text-gray-500 leading-[1.7] relative z-10"
          >
            Pelaksanaan sesi foto dan video profesional, termasuk dokumentasi kegiatan sekolah hingga event khusus.
          </p>
          <div
            class="absolute bottom-[14px] right-[20px] text-[56px] font-[900] text-[rgba(0,0,0,0.03)] group-hover:text-[rgba(230,0,92,0.08)] group-hover:scale-110 transition-all duration-[400ms] select-none z-0"
          >
            03
          </div>
        </div>
        <div
          class="group relative overflow-hidden bg-white rounded-[20px] pt-[32px] px-[26px] pb-[32px] shadow-sm hover:shadow-md transition-shadow duration-300"
          data-initial="{"opacity":0,"y":30}"
          data-transition="{"duration":0.5,"delay":0.36}"
          data-whileinview="{"opacity":1,"y":0}"
          viewport="[object Object]"
        >
          <div
            class="w-[52px] h-[52px] rounded-full bg-primary flex items-center justify-center mb-[22px]"
          >
            <svg
              aria-hidden="true"
              class="lucide lucide-sparkles w-[20px] h-[20px] text-white"
              fill="none"
              height="24"
              stroke="currentColor"
              stroke-linecap="round"
              stroke-linejoin="round"
              stroke-width="2"
              viewBox="0 0 24 24"
              width="24"
              xmlns="http://www.w3.org/2000/svg"
            >
              <path
                d="M11.017 2.814a1 1 0 0 1 1.966 0l1.051 5.558a2 2 0 0 0 1.594 1.594l5.558 1.051a1 1 0 0 1 0 1.966l-5.558 1.051a2 2 0 0 0-1.594 1.594l-1.051 5.558a1 1 0 0 1-1.966 0l-1.051-5.558a2 2 0 0 0-1.594-1.594l-5.558-1.051a1 1 0 0 1 0-1.966l5.558-1.051a2 2 0 0 0 1.594-1.594z"
              />
              <path
                d="M20 2v4"
              />
              <path
                d="M22 4h-4"
              />
              <circle
                cx="4"
                cy="20"
                r="2"
              />
            </svg>
          </div>
          <h4
            class="text-[15px] font-bold mb-[10px] text-dark"
          >
            Editing & Design Layout
          </h4>
          <p
            class="text-[13px] text-gray-500 leading-[1.7] relative z-10"
          >
            Tim GM Yearbook melakukan proses editing foto/video serta menyusun desain layout sesuai konsep yang disepakati.
          </p>
          <div
            class="absolute bottom-[14px] right-[20px] text-[56px] font-[900] text-[rgba(0,0,0,0.03)] group-hover:text-[rgba(230,0,92,0.08)] group-hover:scale-110 transition-all duration-[400ms] select-none z-0"
          >
            04
          </div>
        </div>
      </div>
    </div>
  </section>
</div>
`;
